// Bun Snapshot v1, https://bun.sh/docs/test/snapshots

exports[`public diagnostic consumer keeps public diagnostic values importable from the package entry 1`] = `
"{
  "schemaVersion": 1,
  "tool": {
    "name": "odw-lint",
    "version": "0.1.0"
  },
  "summary": {
    "files": 1,
    "filesSkipped": 0,
    "errors": 1,
    "warnings": 0,
    "infos": 0,
    "hints": 0
  },
  "diagnostics": [
    {
      "file": "workflow.js",
      "rule": "odw/meta-required",
      "severity": "error",
      "message": "Workflow source must export literal metadata.",
      "span": {
        "start": {
          "offset": 0,
          "line": 1,
          "column": 1
        },
        "end": {
          "offset": 0,
          "line": 1,
          "column": 1
        }
      },
      "suggestions": []
    }
  ],
  "ioErrors": []
}"
`;

exports[`public diagnostic consumer keeps public diagnostic values importable from the package entry 2`] = `"workflow.js:1:1 error odw/meta-required Workflow source must export literal metadata."`;
