// Bun Snapshot v1, https://bun.sh/docs/test/snapshots

exports[`text diagnostics uses the same diagnostics for JSON reports and text output 1`] = `
"examples/error.js:1:1 error odw/meta-required error diagnostic
examples/warning.js:1:1 warning odw/meta-required warning diagnostic
examples/hint.js:1:1 hint odw/meta-required hint diagnostic"
`;
